Microchip MPLAB XC8 Compiler V2.41

Linker command line:

-W-3 \
  --edf=C:\Program Files\Microchip\xc8\v2.41\pic\dat\20230208172133_en.msgs \
  -cn -h+dist/default/debug\GymTimer.X.debug.sym \
  --cmf=dist/default/debug\GymTimer.X.debug.cmf -z -Q12F1571 \
  -oC:\Users\fernau\AppData\Local\Temp\xcAs1cmc.\driver_tmp_3.o \
  --defsym=__MPLAB_BUILD=1 --fixupoverflow=error \
  -Mdist/default/debug/GymTimer.X.debug.map \
  --md=C:\Users\fernau\AppData\Local\Temp\xcAs1cmc.\driver_tmp_0.dat -E1 \
  -ver=XC8 Compiler --acfsm=1493 -ACODE=00h-03FFh -ASTRCODE=00h-03FFh \
  -ASTRING=00h-0FFhx4 -ACONST=00h-0FFhx4 -AENTRY=00h-0FFhx4 \
  -ACOMMON=070h-07Fh -ABANK0=020h-06Fh -ABANK1=0A0h-0BFh \
  -ABIGRAM=02000h-0206Fh -ARAM=020h-06Fh,0A0h-0BFh \
  -AABS1=020h-07Fh,0A0h-0BFh -ASFR0=00h-01Fh -ASFR1=080h-09Fh \
  -ASFR2=0100h-016Fh -ASFR3=0180h-01EFh -ASFR4=0200h-026Fh \
  -ASFR5=0280h-02EFh -ASFR6=0300h-036Fh -ASFR7=0380h-03EFh \
  -ASFR8=0400h-046Fh -ASFR9=0480h-04EFh -ASFR10=0500h-056Fh \
  -ASFR11=0580h-05EFh -ASFR12=0600h-066Fh -ASFR13=0680h-06EFh \
  -ASFR14=0700h-076Fh -ASFR15=0780h-07EFh -ASFR16=0800h-086Fh \
  -ASFR17=0880h-08EFh -ASFR18=0900h-096Fh -ASFR19=0980h-09EFh \
  -ASFR20=0A00h-0A6Fh -ASFR21=0A80h-0AEFh -ASFR22=0B00h-0B6Fh \
  -ASFR23=0B80h-0BEFh -ASFR24=0C00h-0C6Fh -ASFR25=0C80h-0CEFh \
  -ASFR26=0D00h-0D6Fh -ASFR27=0D80h-0DEFh -ASFR28=0E00h-0E6Fh \
  -ASFR29=0E80h-0EEFh -ASFR30=0F00h-0F6Fh -ASFR31=0F80h-0FEFh \
  -ACONFIG=08007h-08008h -DCONFIG=2 -AIDLOC=08000h-08003h -DIDLOC=2 \
  -DCODE=2 -DSTRCODE=2 -DSTRING=2 -DCONST=2 -DENTRY=2 \
  -preset_vec=00h,intentry,init,end_init -ppowerup=CODE -pcinit=CODE \
  -pfunctab=ENTRY -k \
  C:\Users\fernau\AppData\Local\Temp\xcAs1cmc.\driver_tmp_12.o \
  dist/default/debug\GymTimer.X.debug.o 

Object code version is 3.11

Machine type is 12F1571



                Name                               Link     Load   Length Selector   Space Scale
C:\Users\fernau\AppData\Local\Temp\xcAs1cmc.\driver_tmp_12.o
                end_init                              2        2        1        0       0
                reset_vec                             0        0        2        0       0
                config                             8007     8007        2        0       4
                idloc                              8000     8000        4        0       5
dist/default/debug\GymTimer.X.debug.o
                cinit                               3FE      3FE        2      7FC       0
                config                             8007     8007        2        0       4
                idloc                              8000     8000        4        0       5
                text8                               186      186       19      30C       0
                text7                               19F      19F       1C      33E       0
                text6                               1F9      1F9       5F      3F2       0
                text5                               1BB      1BB       3E      376       0
                text4                               160      160        6      2C0       0
                text3                               170      170       16      2E0       0
                text2                               15C      15C        4      2B8       0
                text1                               166      166        A      2CC       0
                maintext                            258      258      1A6      4B0       0
                cstackBANK0                          20       20       2F       20       1
                cstackCOMMON                         70       70        E       70       1

TOTAL           Name                               Link     Load   Length     Space
        CLASS   CODE           
                end_init                              2        2        1         0
                cinit                               3FE      3FE        2         0
                reset_vec                             0        0        2         0
                text8                               186      186       19         0
                text7                               19F      19F       1C         0
                text6                               1F9      1F9       5F         0
                text5                               1BB      1BB       3E         0
                text4                               160      160        6         0
                text3                               170      170       16         0
                text2                               15C      15C        4         0
                text1                               166      166        A         0
                maintext                            258      258      1A6         0

        CLASS   STRCODE        

        CLASS   STRING         

        CLASS   CONST          

        CLASS   ENTRY          

        CLASS   COMMON         
                cstackCOMMON                         70       70        E         1

        CLASS   BANK0          
                cstackBANK0                          20       20       2F         1

        CLASS   BANK1          

        CLASS   BIGRAM         

        CLASS   RAM            

        CLASS   ABS1           
                abs_s1                               7E       7E        2         1

        CLASS   SFR0           

        CLASS   SFR1           

        CLASS   SFR2           

        CLASS   SFR3           

        CLASS   SFR4           

        CLASS   SFR5           

        CLASS   SFR6           

        CLASS   SFR7           

        CLASS   SFR8           

        CLASS   SFR9           

        CLASS   SFR10          

        CLASS   SFR11          

        CLASS   SFR12          

        CLASS   SFR13          

        CLASS   SFR14          

        CLASS   SFR15          

        CLASS   SFR16          

        CLASS   SFR17          

        CLASS   SFR18          

        CLASS   SFR19          

        CLASS   SFR20          

        CLASS   SFR21          

        CLASS   SFR22          

        CLASS   SFR23          

        CLASS   SFR24          

        CLASS   SFR25          

        CLASS   SFR26          

        CLASS   SFR27          

        CLASS   SFR28          

        CLASS   SFR29          

        CLASS   SFR30          

        CLASS   SFR31          

        CLASS   CONFIG         
                config                             8007     8007        2         4

        CLASS   IDLOC          
                idloc                              8000     8000        4         5

        CLASS   BANK31         

        CLASS   BANK30         

        CLASS   BANK29         

        CLASS   BANK28         

        CLASS   BANK27         

        CLASS   BANK26         

        CLASS   BANK25         

        CLASS   BANK24         

        CLASS   BANK23         

        CLASS   BANK22         

        CLASS   BANK21         

        CLASS   BANK20         

        CLASS   BANK19         

        CLASS   BANK18         

        CLASS   BANK17         

        CLASS   BANK16         

        CLASS   BANK15         

        CLASS   BANK14         

        CLASS   BANK13         

        CLASS   BANK12         

        CLASS   BANK11         

        CLASS   BANK10         

        CLASS   BANK9          

        CLASS   BANK8          

        CLASS   BANK7          

        CLASS   BANK6          

        CLASS   BANK5          

        CLASS   BANK4          

        CLASS   BANK3          

        CLASS   BANK2          

        CLASS   HEAP           

        CLASS   STACK          

        CLASS   EEDATA         



SEGMENTS        Name                           Load    Length   Top    Selector   Space  Class     Delta

                reset_vec                      000000  000003  000003         0       0  CODE        2
                cstackBANK0                    000020  00002F  00004F        20       1  BANK0       1
                cstackCOMMON                   000070  00000E  00007E        70       1  COMMON      1
                text2                          00015C  000004  000160       2B8       0  CODE        2
                text4                          000160  000006  000166       2C0       0  CODE        2
                text1                          000166  00000A  000170       2CC       0  CODE        2
                text3                          000170  000016  000186       2E0       0  CODE        2
                text8                          000186  000019  00019F       30C       0  CODE        2
                text7                          00019F  00001C  0001BB       33E       0  CODE        2
                text5                          0001BB  00003E  0001F9       376       0  CODE        2
                text6                          0001F9  00005F  000258       3F2       0  CODE        2
                maintext                       000258  0001A6  0003FE       4B0       0  CODE        2
                cinit                          0003FE  000002  000400       7FC       0  CODE        2


UNUSED ADDRESS RANGES

        Name                Unused          Largest block    Delta
        BANK0            0004F-0006F              21           1
        BANK1            000A0-000BF              20           1
        BIGRAM           02000-0206F              70           1
        CODE             00003-0015B             159           2
        CONST            00003-0015B              FD           2
        ENTRY            00003-0015B              FD           2
        RAM              0004F-0006F              21           1
                         000A0-000BF              20
        SFR0             00000-0001F              20           1
        SFR1             00080-0009F              20           1
        SFR10            00500-0056F              70           1
        SFR11            00580-005EF              70           1
        SFR12            00600-0066F              70           1
        SFR13            00680-006EF              70           1
        SFR14            00700-0076F              70           1
        SFR15            00780-007EF              70           1
        SFR16            00800-0086F              70           1
        SFR17            00880-008EF              70           1
        SFR18            00900-0096F              70           1
        SFR19            00980-009EF              70           1
        SFR2             00100-0016F              70           1
        SFR20            00A00-00A6F              70           1
        SFR21            00A80-00AEF              70           1
        SFR22            00B00-00B6F              70           1
        SFR23            00B80-00BEF              70           1
        SFR24            00C00-00C6F              70           1
        SFR25            00C80-00CEF              70           1
        SFR26            00D00-00D6F              70           1
        SFR27            00D80-00DEF              70           1
        SFR28            00E00-00E6F              70           1
        SFR29            00E80-00EEF              70           1
        SFR3             00180-001EF              70           1
        SFR30            00F00-00F6F              70           1
        SFR31            00F80-00FEF              70           1
        SFR4             00200-0026F              70           1
        SFR5             00280-002EF              70           1
        SFR6             00300-0036F              70           1
        SFR7             00380-003EF              70           1
        SFR8             00400-0046F              70           1
        SFR9             00480-004EF              70           1
        STRCODE          00003-0015B             159           2
        STRING           00003-0015B              FD           2

                                  Symbol Table

?_FLASH_ReadWord                cstackCOMMON 00070
FLASH_EraseBlock@GIEBitValue    cstackCOMMON 00072
FLASH_EraseBlock@startAddr      cstackCOMMON 00070
FLASH_ReadWord@GIEBitValue      cstackCOMMON 00072
FLASH_ReadWord@flashAddr        cstackCOMMON 00070
FLASH_WriteBlock@GIEBitValue    cstackCOMMON 0007B
FLASH_WriteBlock@blockStartAddr cstackCOMMON 00079
FLASH_WriteBlock@flashWordArray cstackCOMMON 00075
FLASH_WriteBlock@i              cstackCOMMON 0007C
FLASH_WriteBlock@writeAddr      cstackCOMMON 00073
FLASH_WriteWord@blockStartAddr  cstackBANK0  00026
FLASH_WriteWord@flashAddr       cstackBANK0  00020
FLASH_WriteWord@i               cstackBANK0  00028
FLASH_WriteWord@offset          cstackBANK0  00025
FLASH_WriteWord@ramBuf          cstackBANK0  00022
FLASH_WriteWord@word            cstackBANK0  00023
_ANSELA                         (abs)        0018C
_APFCON                         (abs)        0011D
_BORCON                         (abs)        00116
_FLASH_EraseBlock               text7        0019F
_FLASH_ReadWord                 text8        00186
_FLASH_WriteBlock               text6        001F9
_FLASH_WriteWord                text5        001BB
_INLVLA                         (abs)        0038C
_INTCONbits                     (abs)        0000B
_LATA                           (abs)        0010C
_LATAbits                       (abs)        0010C
_ODCONA                         (abs)        0028C
_OPTION_REGbits                 (abs)        00095
_OSCCON                         (abs)        00099
_OSCILLATOR_Initialize          text4        00160
_OSCTUNE                        (abs)        00098
_PIN_MANAGER_Initialize         text3        00170
_PMADRH                         (abs)        00192
_PMADRL                         (abs)        00191
_PMCON1bits                     (abs)        00195
_PMCON2                         (abs)        00196
_PMDATH                         (abs)        00194
_PMDATL                         (abs)        00193
_SLRCONA                        (abs)        0030C
_SYSTEM_Initialize              text1        00166
_TRISA                          (abs)        0008C
_WDTCON                         (abs)        00097
_WDT_Initialize                 text2        0015C
_WPUA                           (abs)        0020C
__H__absolute__                 __absolute__ 00000
__Habs1                         abs1         00000
__Hbank0                        bank0        00000
__Hbank1                        bank1        00000
__Hbank10                       bank10       00000
__Hbank11                       bank11       00000
__Hbank12                       bank12       00000
__Hbank13                       bank13       00000
__Hbank14                       bank14       00000
__Hbank15                       bank15       00000
__Hbank16                       bank16       00000
__Hbank17                       bank17       00000
__Hbank18                       bank18       00000
__Hbank19                       bank19       00000
__Hbank2                        bank2        00000
__Hbank20                       bank20       00000
__Hbank21                       bank21       00000
__Hbank22                       bank22       00000
__Hbank23                       bank23       00000
__Hbank24                       bank24       00000
__Hbank25                       bank25       00000
__Hbank26                       bank26       00000
__Hbank27                       bank27       00000
__Hbank28                       bank28       00000
__Hbank29                       bank29       00000
__Hbank3                        bank3        00000
__Hbank30                       bank30       00000
__Hbank31                       bank31       00000
__Hbank4                        bank4        00000
__Hbank5                        bank5        00000
__Hbank6                        bank6        00000
__Hbank7                        bank7        00000
__Hbank8                        bank8        00000
__Hbank9                        bank9        00000
__Hbigram                       bigram       00000
__Hcinit                        cinit        00400
__Hclrtext                      clrtext      00000
__Hcode                         code         00000
__Hcommon                       common       00000
__Hconfig                       config       08009
__HcstackBANK0                  cstackBANK0  00000
__HcstackCOMMON                 cstackCOMMON 00000
__Heeprom_data                  eeprom_data  00000
__Hend_init                     end_init     00003
__Hfunctab                      functab      00000
__Hheap                         heap         00000
__Hidloc                        idloc        08004
__Hinit                         init         00002
__Hintentry                     intentry     00002
__Hmaintext                     maintext     00000
__Hpowerup                      powerup      00000
__Hram                          ram          00000
__Hreset_vec                    reset_vec    00002
__Hsfr0                         sfr0         00000
__Hsfr1                         sfr1         00000
__Hsfr10                        sfr10        00000
__Hsfr11                        sfr11        00000
__Hsfr12                        sfr12        00000
__Hsfr13                        sfr13        00000
__Hsfr14                        sfr14        00000
__Hsfr15                        sfr15        00000
__Hsfr16                        sfr16        00000
__Hsfr17                        sfr17        00000
__Hsfr18                        sfr18        00000
__Hsfr19                        sfr19        00000
__Hsfr2                         sfr2         00000
__Hsfr20                        sfr20        00000
__Hsfr21                        sfr21        00000
__Hsfr22                        sfr22        00000
__Hsfr23                        sfr23        00000
__Hsfr24                        sfr24        00000
__Hsfr25                        sfr25        00000
__Hsfr26                        sfr26        00000
__Hsfr27                        sfr27        00000
__Hsfr28                        sfr28        00000
__Hsfr29                        sfr29        00000
__Hsfr3                         sfr3         00000
__Hsfr30                        sfr30        00000
__Hsfr31                        sfr31        00000
__Hsfr4                         sfr4         00000
__Hsfr5                         sfr5         00000
__Hsfr6                         sfr6         00000
__Hsfr7                         sfr7         00000
__Hsfr8                         sfr8         00000
__Hsfr9                         sfr9         00000
__Hspace_0                      (abs)        00400
__Hspace_1                      (abs)        0007E
__Hspace_2                      (abs)        00000
__Hspace_3                      (abs)        00000
__Hspace_4                      (abs)        10010
__Hstack                        stack        00000
__Hstrings                      strings      00000
__Htext                         text         00000
__L__absolute__                 __absolute__ 00000
__Labs1                         abs1         00000
__Lbank0                        bank0        00000
__Lbank1                        bank1        00000
__Lbank10                       bank10       00000
__Lbank11                       bank11       00000
__Lbank12                       bank12       00000
__Lbank13                       bank13       00000
__Lbank14                       bank14       00000
__Lbank15                       bank15       00000
__Lbank16                       bank16       00000
__Lbank17                       bank17       00000
__Lbank18                       bank18       00000
__Lbank19                       bank19       00000
__Lbank2                        bank2        00000
__Lbank20                       bank20       00000
__Lbank21                       bank21       00000
__Lbank22                       bank22       00000
__Lbank23                       bank23       00000
__Lbank24                       bank24       00000
__Lbank25                       bank25       00000
__Lbank26                       bank26       00000
__Lbank27                       bank27       00000
__Lbank28                       bank28       00000
__Lbank29                       bank29       00000
__Lbank3                        bank3        00000
__Lbank30                       bank30       00000
__Lbank31                       bank31       00000
__Lbank4                        bank4        00000
__Lbank5                        bank5        00000
__Lbank6                        bank6        00000
__Lbank7                        bank7        00000
__Lbank8                        bank8        00000
__Lbank9                        bank9        00000
__Lbigram                       bigram       00000
__Lcinit                        cinit        003FE
__Lclrtext                      clrtext      00000
__Lcode                         code         00000
__Lcommon                       common       00000
__Lconfig                       config       00000
__LcstackBANK0                  cstackBANK0  00000
__LcstackCOMMON                 cstackCOMMON 00000
__Leeprom_data                  eeprom_data  00000
__Lend_init                     end_init     00002
__Lfunctab                      functab      00000
__Lheap                         heap         00000
__Lidloc                        idloc        00000
__Linit                         init         00002
__Lintentry                     intentry     00002
__Lmaintext                     maintext     00000
__Lpowerup                      powerup      00000
__Lram                          ram          00000
__Lreset_vec                    reset_vec    00000
__Lsfr0                         sfr0         00000
__Lsfr1                         sfr1         00000
__Lsfr10                        sfr10        00000
__Lsfr11                        sfr11        00000
__Lsfr12                        sfr12        00000
__Lsfr13                        sfr13        00000
__Lsfr14                        sfr14        00000
__Lsfr15                        sfr15        00000
__Lsfr16                        sfr16        00000
__Lsfr17                        sfr17        00000
__Lsfr18                        sfr18        00000
__Lsfr19                        sfr19        00000
__Lsfr2                         sfr2         00000
__Lsfr20                        sfr20        00000
__Lsfr21                        sfr21        00000
__Lsfr22                        sfr22        00000
__Lsfr23                        sfr23        00000
__Lsfr24                        sfr24        00000
__Lsfr25                        sfr25        00000
__Lsfr26                        sfr26        00000
__Lsfr27                        sfr27        00000
__Lsfr28                        sfr28        00000
__Lsfr29                        sfr29        00000
__Lsfr3                         sfr3         00000
__Lsfr30                        sfr30        00000
__Lsfr31                        sfr31        00000
__Lsfr4                         sfr4         00000
__Lsfr5                         sfr5         00000
__Lsfr6                         sfr6         00000
__Lsfr7                         sfr7         00000
__Lsfr8                         sfr8         00000
__Lsfr9                         sfr9         00000
__Lspace_0                      (abs)        00000
__Lspace_1                      (abs)        00000
__Lspace_2                      (abs)        00000
__Lspace_3                      (abs)        00000
__Lspace_4                      (abs)        00000
__Lstack                        stack        00000
__Lstrings                      strings      00000
__Ltext                         text         00000
__S0                            (abs)        00400
__S1                            (abs)        0007E
___heap_hi                      (abs)        00000
___heap_lo                      (abs)        00000
___int_sp                       stack        00000
___latbits                      (abs)        00000
___sp                           stack        00000
___stackhi                      (abs)        00000
___stacklo                      (abs)        00000
__end_of_FLASH_EraseBlock       text7        001BB
__end_of_FLASH_ReadWord         text8        0019F
__end_of_FLASH_WriteBlock       text6        00258
__end_of_FLASH_WriteWord        text5        001F9
__end_of_OSCILLATOR_Initialize  text4        00166
__end_of_PIN_MANAGER_Initialize text3        00186
__end_of_SYSTEM_Initialize      text1        00170
__end_of_WDT_Initialize         text2        00160
__end_of__initialization        cinit        003FE
__end_of_main                   maintext     003FE
__initialization                cinit        003FE
__pcstackBANK0                  cstackBANK0  00020
__pcstackCOMMON                 cstackCOMMON 00070
__pmaintext                     maintext     00258
__ptext1                        text1        00166
__ptext2                        text2        0015C
__ptext3                        text3        00170
__ptext4                        text4        00160
__ptext5                        text5        001BB
__ptext6                        text6        001F9
__ptext7                        text7        0019F
__ptext8                        text8        00186
_main                           maintext     00258
btemp                           (abs)        0007E
end_of_initialization           cinit        003FE
intlevel0                       functab      00000
intlevel1                       functab      00000
intlevel2                       functab      00000
intlevel3                       functab      00000
intlevel4                       functab      00000
intlevel5                       functab      00000
main@Buf                        cstackBANK0  0002A
main@flashAddr                  cstackBANK0  0004B
main@i                          cstackBANK0  0004A
main@readWord                   cstackBANK0  0004D
reset_vec                       reset_vec    00000
start                           init         00002
start_initialization            cinit        003FE
wtemp0                          (abs)        0007E


MODULE INFORMATION

Module		Function		Class		Link	Load	Size
mcc_generated_files/pin_manager.c
		_PIN_MANAGER_Initialize		CODE           	0170	0000	22

mcc_generated_files/pin_manager.c estimated size: 22

shared
		__initialization		CODE           	03FE	0000	1

shared estimated size: 1

mcc_generated_files/mcc.c
		_WDT_Initialize		CODE           	015C	0000	4
		_OSCILLATOR_Initialize		CODE           	0160	0000	6
		_SYSTEM_Initialize		CODE           	0166	0000	10

mcc_generated_files/mcc.c estimated size: 20

mcc_generated_files/memory.c
		_FLASH_EraseBlock		CODE           	019F	0000	28
		_FLASH_ReadWord		CODE           	0186	0000	25
		_FLASH_WriteBlock		CODE           	01F9	0000	95
		_FLASH_WriteWord		CODE           	01BB	0000	62

mcc_generated_files/memory.c estimated size: 210

main.c
		_main          		CODE           	0258	0000	422

main.c estimated size: 422

